Reading file: ../../bin_matrix/ash958.bin
    COO_matrix: ../../bin_matrix/ash958.bin
    CSR_matrix: ../../bin_matrix/ash958.bin
    DIAG_matrix: ../../bin_matrix/ash958.bin
   ELLPack_matrix: ../../bin_matrix/ash958.bin
    SELL_C_matrix: ../../bin_matrix/ash958.bin
    SELL_C_sigma_matrix: ../../bin_matrix/ash958.bin
Reading file: ../../bin_matrix/StocF-1465.bin
    COO_matrix: ../../bin_matrix/StocF-1465.bin
    CSR_matrix: ../../bin_matrix/StocF-1465.bin
    DIAG_matrix: ../../bin_matrix/StocF-1465.bin
   ELLPack_matrix: ../../bin_matrix/StocF-1465.bin
    SELL_C_matrix: ../../bin_matrix/StocF-1465.bin
    SELL_C_sigma_matrix: ../../bin_matrix/StocF-1465.bin
Reading file: ../../bin_matrix/S80PI_n1.bin
    COO_matrix: ../../bin_matrix/S80PI_n1.bin
    CSR_matrix: ../../bin_matrix/S80PI_n1.bin
    DIAG_matrix: ../../bin_matrix/S80PI_n1.bin
   ELLPack_matrix: ../../bin_matrix/S80PI_n1.bin
    SELL_C_matrix: ../../bin_matrix/S80PI_n1.bin
    SELL_C_sigma_matrix: ../../bin_matrix/S80PI_n1.bin
Reading file: ../../bin_matrix/road_usa.bin
    COO_matrix: ../../bin_matrix/road_usa.bin
    CSR_matrix: ../../bin_matrix/road_usa.bin
    DIAG_matrix: ../../bin_matrix/road_usa.bin
   ELLPack_matrix: ../../bin_matrix/road_usa.bin
    SELL_C_matrix: ../../bin_matrix/road_usa.bin
    SELL_C_sigma_matrix: ../../bin_matrix/road_usa.bin
Reading file: ../../bin_matrix/kmer_V2a.bin
    COO_matrix: ../../bin_matrix/kmer_V2a.bin
    CSR_matrix: ../../bin_matrix/kmer_V2a.bin
    DIAG_matrix: ../../bin_matrix/kmer_V2a.bin
   ELLPack_matrix: ../../bin_matrix/kmer_V2a.bin
    SELL_C_matrix: ../../bin_matrix/kmer_V2a.bin
    SELL_C_sigma_matrix: ../../bin_matrix/kmer_V2a.bin
Reading file: ../../bin_matrix/nlpkkt240.bin
    COO_matrix: ../../bin_matrix/nlpkkt240.bin
    CSR_matrix: ../../bin_matrix/nlpkkt240.bin
    DIAG_matrix: ../../bin_matrix/nlpkkt240.bin
   ELLPack_matrix: ../../bin_matrix/nlpkkt240.bin
    SELL_C_matrix: ../../bin_matrix/nlpkkt240.bin
    SELL_C_sigma_matrix: ../../bin_matrix/nlpkkt240.bin
Reading file: ../../bin_matrix/pkustk14.bin
    COO_matrix: ../../bin_matrix/pkustk14.bin
    CSR_matrix: ../../bin_matrix/pkustk14.bin
    DIAG_matrix: ../../bin_matrix/pkustk14.bin
   ELLPack_matrix: ../../bin_matrix/pkustk14.bin
    SELL_C_matrix: ../../bin_matrix/pkustk14.bin
    SELL_C_sigma_matrix: ../../bin_matrix/pkustk14.bin
Reading file: ../../bin_matrix/apache2.bin
    COO_matrix: ../../bin_matrix/apache2.bin
    CSR_matrix: ../../bin_matrix/apache2.bin
    DIAG_matrix: ../../bin_matrix/apache2.bin
   ELLPack_matrix: ../../bin_matrix/apache2.bin
    SELL_C_matrix: ../../bin_matrix/apache2.bin
    SELL_C_sigma_matrix: ../../bin_matrix/apache2.bin
Reading file: ../../bin_matrix/cage14.bin
    COO_matrix: ../../bin_matrix/cage14.bin
    CSR_matrix: ../../bin_matrix/cage14.bin
    DIAG_matrix: ../../bin_matrix/cage14.bin
   ELLPack_matrix: ../../bin_matrix/cage14.bin
    SELL_C_matrix: ../../bin_matrix/cage14.bin
    SELL_C_sigma_matrix: ../../bin_matrix/cage14.bin
Reading file: ../../bin_matrix/webbase-1M.bin
    COO_matrix: ../../bin_matrix/webbase-1M.bin
    CSR_matrix: ../../bin_matrix/webbase-1M.bin
    DIAG_matrix: ../../bin_matrix/webbase-1M.bin
   ELLPack_matrix: ../../bin_matrix/webbase-1M.bin
    SELL_C_matrix: ../../bin_matrix/webbase-1M.bin
    SELL_C_sigma_matrix: ../../bin_matrix/webbase-1M.bin
Reading file: ../../bin_matrix/G3_circuit.bin
    COO_matrix: ../../bin_matrix/G3_circuit.bin
    CSR_matrix: ../../bin_matrix/G3_circuit.bin
    DIAG_matrix: ../../bin_matrix/G3_circuit.bin
   ELLPack_matrix: ../../bin_matrix/G3_circuit.bin
    SELL_C_matrix: ../../bin_matrix/G3_circuit.bin
    SELL_C_sigma_matrix: ../../bin_matrix/G3_circuit.bin
Reading file: ../../bin_matrix/parabolic_fem.bin
    COO_matrix: ../../bin_matrix/parabolic_fem.bin
    CSR_matrix: ../../bin_matrix/parabolic_fem.bin
    DIAG_matrix: ../../bin_matrix/parabolic_fem.bin
   ELLPack_matrix: ../../bin_matrix/parabolic_fem.bin
    SELL_C_matrix: ../../bin_matrix/parabolic_fem.bin
    SELL_C_sigma_matrix: ../../bin_matrix/parabolic_fem.bin
Reading file: ../../bin_matrix/g7jac180sc.bin
    COO_matrix: ../../bin_matrix/g7jac180sc.bin
    CSR_matrix: ../../bin_matrix/g7jac180sc.bin
    DIAG_matrix: ../../bin_matrix/g7jac180sc.bin
   ELLPack_matrix: ../../bin_matrix/g7jac180sc.bin
    SELL_C_matrix: ../../bin_matrix/g7jac180sc.bin
    SELL_C_sigma_matrix: ../../bin_matrix/g7jac180sc.bin
Reading file: ../../bin_matrix/wa2010.bin
    COO_matrix: ../../bin_matrix/wa2010.bin
    CSR_matrix: ../../bin_matrix/wa2010.bin
    DIAG_matrix: ../../bin_matrix/wa2010.bin
   ELLPack_matrix: ../../bin_matrix/wa2010.bin
    SELL_C_matrix: ../../bin_matrix/wa2010.bin
    SELL_C_sigma_matrix: ../../bin_matrix/wa2010.bin
Reading file: ../../bin_matrix/va2010.bin
    COO_matrix: ../../bin_matrix/va2010.bin
    CSR_matrix: ../../bin_matrix/va2010.bin
    DIAG_matrix: ../../bin_matrix/va2010.bin
   ELLPack_matrix: ../../bin_matrix/va2010.bin
    SELL_C_matrix: ../../bin_matrix/va2010.bin
    SELL_C_sigma_matrix: ../../bin_matrix/va2010.bin
Reading file: ../../bin_matrix/connectus.bin
    COO_matrix: ../../bin_matrix/connectus.bin
    CSR_matrix: ../../bin_matrix/connectus.bin
    DIAG_matrix: ../../bin_matrix/connectus.bin
   ELLPack_matrix: ../../bin_matrix/connectus.bin
    SELL_C_matrix: ../../bin_matrix/connectus.bin
    SELL_C_sigma_matrix: ../../bin_matrix/connectus.bin
Reading file: ../../bin_matrix/ch7-9-b4.bin
    COO_matrix: ../../bin_matrix/ch7-9-b4.bin
    CSR_matrix: ../../bin_matrix/ch7-9-b4.bin
    DIAG_matrix: ../../bin_matrix/ch7-9-b4.bin
   ELLPack_matrix: ../../bin_matrix/ch7-9-b4.bin
    SELL_C_matrix: ../../bin_matrix/ch7-9-b4.bin
    SELL_C_sigma_matrix: ../../bin_matrix/ch7-9-b4.bin
Reading file: ../../bin_matrix/fem_filter.bin
    COO_matrix: ../../bin_matrix/fem_filter.bin
    CSR_matrix: ../../bin_matrix/fem_filter.bin
    DIAG_matrix: ../../bin_matrix/fem_filter.bin
   ELLPack_matrix: ../../bin_matrix/fem_filter.bin
    SELL_C_matrix: ../../bin_matrix/fem_filter.bin
    SELL_C_sigma_matrix: ../../bin_matrix/fem_filter.bin
Reading file: ../../bin_matrix/il2010.bin
    COO_matrix: ../../bin_matrix/il2010.bin
    CSR_matrix: ../../bin_matrix/il2010.bin
    DIAG_matrix: ../../bin_matrix/il2010.bin
   ELLPack_matrix: ../../bin_matrix/il2010.bin
    SELL_C_matrix: ../../bin_matrix/il2010.bin
    SELL_C_sigma_matrix: ../../bin_matrix/il2010.bin
Reading file: ../../bin_matrix/majorbasis.bin
    COO_matrix: ../../bin_matrix/majorbasis.bin
    CSR_matrix: ../../bin_matrix/majorbasis.bin
    DIAG_matrix: ../../bin_matrix/majorbasis.bin
   ELLPack_matrix: ../../bin_matrix/majorbasis.bin
    SELL_C_matrix: ../../bin_matrix/majorbasis.bin
    SELL_C_sigma_matrix: ../../bin_matrix/majorbasis.bin
Reading file: ../../bin_matrix/mario002.bin
    COO_matrix: ../../bin_matrix/mario002.bin
    CSR_matrix: ../../bin_matrix/mario002.bin
    DIAG_matrix: ../../bin_matrix/mario002.bin
   ELLPack_matrix: ../../bin_matrix/mario002.bin
    SELL_C_matrix: ../../bin_matrix/mario002.bin
    SELL_C_sigma_matrix: ../../bin_matrix/mario002.bin
Reading file: ../../bin_matrix/mixtank_new.bin
    COO_matrix: ../../bin_matrix/mixtank_new.bin
    CSR_matrix: ../../bin_matrix/mixtank_new.bin
    DIAG_matrix: ../../bin_matrix/mixtank_new.bin
   ELLPack_matrix: ../../bin_matrix/mixtank_new.bin
    SELL_C_matrix: ../../bin_matrix/mixtank_new.bin
    SELL_C_sigma_matrix: ../../bin_matrix/mixtank_new.bin
Reading file: ../../bin_matrix/neos3.bin
    COO_matrix: ../../bin_matrix/neos3.bin
    CSR_matrix: ../../bin_matrix/neos3.bin
    DIAG_matrix: ../../bin_matrix/neos3.bin
   ELLPack_matrix: ../../bin_matrix/neos3.bin
    SELL_C_matrix: ../../bin_matrix/neos3.bin
    SELL_C_sigma_matrix: ../../bin_matrix/neos3.bin
Reading file: ../../bin_matrix/ny2010.bin
    COO_matrix: ../../bin_matrix/ny2010.bin
    CSR_matrix: ../../bin_matrix/ny2010.bin
    DIAG_matrix: ../../bin_matrix/ny2010.bin
   ELLPack_matrix: ../../bin_matrix/ny2010.bin
    SELL_C_matrix: ../../bin_matrix/ny2010.bin
    SELL_C_sigma_matrix: ../../bin_matrix/ny2010.bin
Reading file: ../../bin_matrix/TF18.bin
    COO_matrix: ../../bin_matrix/TF18.bin
    CSR_matrix: ../../bin_matrix/TF18.bin
    DIAG_matrix: ../../bin_matrix/TF18.bin
   ELLPack_matrix: ../../bin_matrix/TF18.bin
    SELL_C_matrix: ../../bin_matrix/TF18.bin
    SELL_C_sigma_matrix: ../../bin_matrix/TF18.bin
Reading file: ../../bin_matrix/twotone.bin
    COO_matrix: ../../bin_matrix/twotone.bin
    CSR_matrix: ../../bin_matrix/twotone.bin
    DIAG_matrix: ../../bin_matrix/twotone.bin
   ELLPack_matrix: ../../bin_matrix/twotone.bin
    SELL_C_matrix: ../../bin_matrix/twotone.bin
    SELL_C_sigma_matrix: ../../bin_matrix/twotone.bin
Reading file: ../../bin_matrix/wave.bin
    COO_matrix: ../../bin_matrix/wave.bin
    CSR_matrix: ../../bin_matrix/wave.bin
    DIAG_matrix: ../../bin_matrix/wave.bin
   ELLPack_matrix: ../../bin_matrix/wave.bin
    SELL_C_matrix: ../../bin_matrix/wave.bin
    SELL_C_sigma_matrix: ../../bin_matrix/wave.bin
Processing complete. Results written to file ../../results/results_simple_1.csv
Reading file: ../../bin_matrix/ash958.bin
    COO_matrix: ../../bin_matrix/ash958.bin
    CSR_matrix: ../../bin_matrix/ash958.bin
    DIAG_matrix: ../../bin_matrix/ash958.bin
   ELLPack_matrix: ../../bin_matrix/ash958.bin
    SELL_C_matrix: ../../bin_matrix/ash958.bin
    SELL_C_sigma_matrix: ../../bin_matrix/ash958.bin
Reading file: ../../bin_matrix/StocF-1465.bin
    COO_matrix: ../../bin_matrix/StocF-1465.bin
    CSR_matrix: ../../bin_matrix/StocF-1465.bin
    DIAG_matrix: ../../bin_matrix/StocF-1465.bin
   ELLPack_matrix: ../../bin_matrix/StocF-1465.bin
    SELL_C_matrix: ../../bin_matrix/StocF-1465.bin
    SELL_C_sigma_matrix: ../../bin_matrix/StocF-1465.bin
Reading file: ../../bin_matrix/S80PI_n1.bin
    COO_matrix: ../../bin_matrix/S80PI_n1.bin
    CSR_matrix: ../../bin_matrix/S80PI_n1.bin
    DIAG_matrix: ../../bin_matrix/S80PI_n1.bin
   ELLPack_matrix: ../../bin_matrix/S80PI_n1.bin
    SELL_C_matrix: ../../bin_matrix/S80PI_n1.bin
    SELL_C_sigma_matrix: ../../bin_matrix/S80PI_n1.bin
Reading file: ../../bin_matrix/road_usa.bin
    COO_matrix: ../../bin_matrix/road_usa.bin
    CSR_matrix: ../../bin_matrix/road_usa.bin
    DIAG_matrix: ../../bin_matrix/road_usa.bin
   ELLPack_matrix: ../../bin_matrix/road_usa.bin
    SELL_C_matrix: ../../bin_matrix/road_usa.bin
    SELL_C_sigma_matrix: ../../bin_matrix/road_usa.bin
Reading file: ../../bin_matrix/kmer_V2a.bin
    COO_matrix: ../../bin_matrix/kmer_V2a.bin
    CSR_matrix: ../../bin_matrix/kmer_V2a.bin
    DIAG_matrix: ../../bin_matrix/kmer_V2a.bin
   ELLPack_matrix: ../../bin_matrix/kmer_V2a.bin
    SELL_C_matrix: ../../bin_matrix/kmer_V2a.bin
    SELL_C_sigma_matrix: ../../bin_matrix/kmer_V2a.bin
Reading file: ../../bin_matrix/nlpkkt240.bin
    COO_matrix: ../../bin_matrix/nlpkkt240.bin
    CSR_matrix: ../../bin_matrix/nlpkkt240.bin
    DIAG_matrix: ../../bin_matrix/nlpkkt240.bin
   ELLPack_matrix: ../../bin_matrix/nlpkkt240.bin
    SELL_C_matrix: ../../bin_matrix/nlpkkt240.bin
    SELL_C_sigma_matrix: ../../bin_matrix/nlpkkt240.bin
Reading file: ../../bin_matrix/pkustk14.bin
    COO_matrix: ../../bin_matrix/pkustk14.bin
    CSR_matrix: ../../bin_matrix/pkustk14.bin
    DIAG_matrix: ../../bin_matrix/pkustk14.bin
   ELLPack_matrix: ../../bin_matrix/pkustk14.bin
    SELL_C_matrix: ../../bin_matrix/pkustk14.bin
    SELL_C_sigma_matrix: ../../bin_matrix/pkustk14.bin
Reading file: ../../bin_matrix/apache2.bin
    COO_matrix: ../../bin_matrix/apache2.bin
    CSR_matrix: ../../bin_matrix/apache2.bin
    DIAG_matrix: ../../bin_matrix/apache2.bin
   ELLPack_matrix: ../../bin_matrix/apache2.bin
    SELL_C_matrix: ../../bin_matrix/apache2.bin
    SELL_C_sigma_matrix: ../../bin_matrix/apache2.bin
Reading file: ../../bin_matrix/cage14.bin
    COO_matrix: ../../bin_matrix/cage14.bin
    CSR_matrix: ../../bin_matrix/cage14.bin
    DIAG_matrix: ../../bin_matrix/cage14.bin
   ELLPack_matrix: ../../bin_matrix/cage14.bin
    SELL_C_matrix: ../../bin_matrix/cage14.bin
    SELL_C_sigma_matrix: ../../bin_matrix/cage14.bin
Reading file: ../../bin_matrix/webbase-1M.bin
    COO_matrix: ../../bin_matrix/webbase-1M.bin
    CSR_matrix: ../../bin_matrix/webbase-1M.bin
    DIAG_matrix: ../../bin_matrix/webbase-1M.bin
   ELLPack_matrix: ../../bin_matrix/webbase-1M.bin
    SELL_C_matrix: ../../bin_matrix/webbase-1M.bin
    SELL_C_sigma_matrix: ../../bin_matrix/webbase-1M.bin
Reading file: ../../bin_matrix/G3_circuit.bin
    COO_matrix: ../../bin_matrix/G3_circuit.bin
    CSR_matrix: ../../bin_matrix/G3_circuit.bin
    DIAG_matrix: ../../bin_matrix/G3_circuit.bin
   ELLPack_matrix: ../../bin_matrix/G3_circuit.bin
    SELL_C_matrix: ../../bin_matrix/G3_circuit.bin
    SELL_C_sigma_matrix: ../../bin_matrix/G3_circuit.bin
Reading file: ../../bin_matrix/parabolic_fem.bin
    COO_matrix: ../../bin_matrix/parabolic_fem.bin
    CSR_matrix: ../../bin_matrix/parabolic_fem.bin
    DIAG_matrix: ../../bin_matrix/parabolic_fem.bin
   ELLPack_matrix: ../../bin_matrix/parabolic_fem.bin
    SELL_C_matrix: ../../bin_matrix/parabolic_fem.bin
    SELL_C_sigma_matrix: ../../bin_matrix/parabolic_fem.bin
Reading file: ../../bin_matrix/g7jac180sc.bin
    COO_matrix: ../../bin_matrix/g7jac180sc.bin
    CSR_matrix: ../../bin_matrix/g7jac180sc.bin
    DIAG_matrix: ../../bin_matrix/g7jac180sc.bin
   ELLPack_matrix: ../../bin_matrix/g7jac180sc.bin
    SELL_C_matrix: ../../bin_matrix/g7jac180sc.bin
    SELL_C_sigma_matrix: ../../bin_matrix/g7jac180sc.bin
Reading file: ../../bin_matrix/wa2010.bin
    COO_matrix: ../../bin_matrix/wa2010.bin
    CSR_matrix: ../../bin_matrix/wa2010.bin
    DIAG_matrix: ../../bin_matrix/wa2010.bin
   ELLPack_matrix: ../../bin_matrix/wa2010.bin
    SELL_C_matrix: ../../bin_matrix/wa2010.bin
    SELL_C_sigma_matrix: ../../bin_matrix/wa2010.bin
Reading file: ../../bin_matrix/va2010.bin
    COO_matrix: ../../bin_matrix/va2010.bin
    CSR_matrix: ../../bin_matrix/va2010.bin
    DIAG_matrix: ../../bin_matrix/va2010.bin
   ELLPack_matrix: ../../bin_matrix/va2010.bin
    SELL_C_matrix: ../../bin_matrix/va2010.bin
    SELL_C_sigma_matrix: ../../bin_matrix/va2010.bin
Reading file: ../../bin_matrix/connectus.bin
    COO_matrix: ../../bin_matrix/connectus.bin
    CSR_matrix: ../../bin_matrix/connectus.bin
    DIAG_matrix: ../../bin_matrix/connectus.bin
   ELLPack_matrix: ../../bin_matrix/connectus.bin
    SELL_C_matrix: ../../bin_matrix/connectus.bin
    SELL_C_sigma_matrix: ../../bin_matrix/connectus.bin
Reading file: ../../bin_matrix/ch7-9-b4.bin
    COO_matrix: ../../bin_matrix/ch7-9-b4.bin
    CSR_matrix: ../../bin_matrix/ch7-9-b4.bin
    DIAG_matrix: ../../bin_matrix/ch7-9-b4.bin
   ELLPack_matrix: ../../bin_matrix/ch7-9-b4.bin
    SELL_C_matrix: ../../bin_matrix/ch7-9-b4.bin
    SELL_C_sigma_matrix: ../../bin_matrix/ch7-9-b4.bin
Reading file: ../../bin_matrix/fem_filter.bin
    COO_matrix: ../../bin_matrix/fem_filter.bin
    CSR_matrix: ../../bin_matrix/fem_filter.bin
    DIAG_matrix: ../../bin_matrix/fem_filter.bin
   ELLPack_matrix: ../../bin_matrix/fem_filter.bin
    SELL_C_matrix: ../../bin_matrix/fem_filter.bin
    SELL_C_sigma_matrix: ../../bin_matrix/fem_filter.bin
Reading file: ../../bin_matrix/il2010.bin
    COO_matrix: ../../bin_matrix/il2010.bin
    CSR_matrix: ../../bin_matrix/il2010.bin
    DIAG_matrix: ../../bin_matrix/il2010.bin
   ELLPack_matrix: ../../bin_matrix/il2010.bin
    SELL_C_matrix: ../../bin_matrix/il2010.bin
    SELL_C_sigma_matrix: ../../bin_matrix/il2010.bin
Reading file: ../../bin_matrix/majorbasis.bin
    COO_matrix: ../../bin_matrix/majorbasis.bin
    CSR_matrix: ../../bin_matrix/majorbasis.bin
    DIAG_matrix: ../../bin_matrix/majorbasis.bin
   ELLPack_matrix: ../../bin_matrix/majorbasis.bin
    SELL_C_matrix: ../../bin_matrix/majorbasis.bin
    SELL_C_sigma_matrix: ../../bin_matrix/majorbasis.bin
Reading file: ../../bin_matrix/mario002.bin
    COO_matrix: ../../bin_matrix/mario002.bin
    CSR_matrix: ../../bin_matrix/mario002.bin
    DIAG_matrix: ../../bin_matrix/mario002.bin
   ELLPack_matrix: ../../bin_matrix/mario002.bin
    SELL_C_matrix: ../../bin_matrix/mario002.bin
    SELL_C_sigma_matrix: ../../bin_matrix/mario002.bin
Reading file: ../../bin_matrix/mixtank_new.bin
    COO_matrix: ../../bin_matrix/mixtank_new.bin
    CSR_matrix: ../../bin_matrix/mixtank_new.bin
    DIAG_matrix: ../../bin_matrix/mixtank_new.bin
   ELLPack_matrix: ../../bin_matrix/mixtank_new.bin
    SELL_C_matrix: ../../bin_matrix/mixtank_new.bin
    SELL_C_sigma_matrix: ../../bin_matrix/mixtank_new.bin
Reading file: ../../bin_matrix/neos3.bin
    COO_matrix: ../../bin_matrix/neos3.bin
    CSR_matrix: ../../bin_matrix/neos3.bin
    DIAG_matrix: ../../bin_matrix/neos3.bin
   ELLPack_matrix: ../../bin_matrix/neos3.bin
    SELL_C_matrix: ../../bin_matrix/neos3.bin
    SELL_C_sigma_matrix: ../../bin_matrix/neos3.bin
Reading file: ../../bin_matrix/ny2010.bin
    COO_matrix: ../../bin_matrix/ny2010.bin
    CSR_matrix: ../../bin_matrix/ny2010.bin
    DIAG_matrix: ../../bin_matrix/ny2010.bin
   ELLPack_matrix: ../../bin_matrix/ny2010.bin
    SELL_C_matrix: ../../bin_matrix/ny2010.bin
    SELL_C_sigma_matrix: ../../bin_matrix/ny2010.bin
Reading file: ../../bin_matrix/TF18.bin
    COO_matrix: ../../bin_matrix/TF18.bin
    CSR_matrix: ../../bin_matrix/TF18.bin
    DIAG_matrix: ../../bin_matrix/TF18.bin
   ELLPack_matrix: ../../bin_matrix/TF18.bin
    SELL_C_matrix: ../../bin_matrix/TF18.bin
    SELL_C_sigma_matrix: ../../bin_matrix/TF18.bin
Reading file: ../../bin_matrix/twotone.bin
    COO_matrix: ../../bin_matrix/twotone.bin
    CSR_matrix: ../../bin_matrix/twotone.bin
    DIAG_matrix: ../../bin_matrix/twotone.bin
   ELLPack_matrix: ../../bin_matrix/twotone.bin
    SELL_C_matrix: ../../bin_matrix/twotone.bin
    SELL_C_sigma_matrix: ../../bin_matrix/twotone.bin
Reading file: ../../bin_matrix/wave.bin
    COO_matrix: ../../bin_matrix/wave.bin
    CSR_matrix: ../../bin_matrix/wave.bin
    DIAG_matrix: ../../bin_matrix/wave.bin
   ELLPack_matrix: ../../bin_matrix/wave.bin
    SELL_C_matrix: ../../bin_matrix/wave.bin
    SELL_C_sigma_matrix: ../../bin_matrix/wave.bin
Processing complete. Results written to file ../../results/results_simple_2.csv
Reading file: ../../bin_matrix/ash958.bin
    COO_matrix: ../../bin_matrix/ash958.bin
    CSR_matrix: ../../bin_matrix/ash958.bin
    DIAG_matrix: ../../bin_matrix/ash958.bin
   ELLPack_matrix: ../../bin_matrix/ash958.bin
    SELL_C_matrix: ../../bin_matrix/ash958.bin
    SELL_C_sigma_matrix: ../../bin_matrix/ash958.bin
Reading file: ../../bin_matrix/StocF-1465.bin
    COO_matrix: ../../bin_matrix/StocF-1465.bin
    CSR_matrix: ../../bin_matrix/StocF-1465.bin
    DIAG_matrix: ../../bin_matrix/StocF-1465.bin
   ELLPack_matrix: ../../bin_matrix/StocF-1465.bin
    SELL_C_matrix: ../../bin_matrix/StocF-1465.bin
    SELL_C_sigma_matrix: ../../bin_matrix/StocF-1465.bin
Reading file: ../../bin_matrix/S80PI_n1.bin
    COO_matrix: ../../bin_matrix/S80PI_n1.bin
    CSR_matrix: ../../bin_matrix/S80PI_n1.bin
    DIAG_matrix: ../../bin_matrix/S80PI_n1.bin
   ELLPack_matrix: ../../bin_matrix/S80PI_n1.bin
    SELL_C_matrix: ../../bin_matrix/S80PI_n1.bin
    SELL_C_sigma_matrix: ../../bin_matrix/S80PI_n1.bin
Reading file: ../../bin_matrix/road_usa.bin
    COO_matrix: ../../bin_matrix/road_usa.bin
    CSR_matrix: ../../bin_matrix/road_usa.bin
    DIAG_matrix: ../../bin_matrix/road_usa.bin
   ELLPack_matrix: ../../bin_matrix/road_usa.bin
    SELL_C_matrix: ../../bin_matrix/road_usa.bin
    SELL_C_sigma_matrix: ../../bin_matrix/road_usa.bin
Reading file: ../../bin_matrix/kmer_V2a.bin
    COO_matrix: ../../bin_matrix/kmer_V2a.bin
    CSR_matrix: ../../bin_matrix/kmer_V2a.bin
    DIAG_matrix: ../../bin_matrix/kmer_V2a.bin
   ELLPack_matrix: ../../bin_matrix/kmer_V2a.bin
    SELL_C_matrix: ../../bin_matrix/kmer_V2a.bin
    SELL_C_sigma_matrix: ../../bin_matrix/kmer_V2a.bin
Reading file: ../../bin_matrix/nlpkkt240.bin
    COO_matrix: ../../bin_matrix/nlpkkt240.bin
    CSR_matrix: ../../bin_matrix/nlpkkt240.bin
    DIAG_matrix: ../../bin_matrix/nlpkkt240.bin
   ELLPack_matrix: ../../bin_matrix/nlpkkt240.bin
    SELL_C_matrix: ../../bin_matrix/nlpkkt240.bin
    SELL_C_sigma_matrix: ../../bin_matrix/nlpkkt240.bin
Reading file: ../../bin_matrix/pkustk14.bin
    COO_matrix: ../../bin_matrix/pkustk14.bin
    CSR_matrix: ../../bin_matrix/pkustk14.bin
    DIAG_matrix: ../../bin_matrix/pkustk14.bin
   ELLPack_matrix: ../../bin_matrix/pkustk14.bin
    SELL_C_matrix: ../../bin_matrix/pkustk14.bin
    SELL_C_sigma_matrix: ../../bin_matrix/pkustk14.bin
Reading file: ../../bin_matrix/apache2.bin
    COO_matrix: ../../bin_matrix/apache2.bin
    CSR_matrix: ../../bin_matrix/apache2.bin
    DIAG_matrix: ../../bin_matrix/apache2.bin
   ELLPack_matrix: ../../bin_matrix/apache2.bin
    SELL_C_matrix: ../../bin_matrix/apache2.bin
    SELL_C_sigma_matrix: ../../bin_matrix/apache2.bin
Reading file: ../../bin_matrix/cage14.bin
    COO_matrix: ../../bin_matrix/cage14.bin
    CSR_matrix: ../../bin_matrix/cage14.bin
    DIAG_matrix: ../../bin_matrix/cage14.bin
   ELLPack_matrix: ../../bin_matrix/cage14.bin
    SELL_C_matrix: ../../bin_matrix/cage14.bin
    SELL_C_sigma_matrix: ../../bin_matrix/cage14.bin
Reading file: ../../bin_matrix/webbase-1M.bin
    COO_matrix: ../../bin_matrix/webbase-1M.bin
    CSR_matrix: ../../bin_matrix/webbase-1M.bin
    DIAG_matrix: ../../bin_matrix/webbase-1M.bin
   ELLPack_matrix: ../../bin_matrix/webbase-1M.bin
    SELL_C_matrix: ../../bin_matrix/webbase-1M.bin
    SELL_C_sigma_matrix: ../../bin_matrix/webbase-1M.bin
Reading file: ../../bin_matrix/G3_circuit.bin
    COO_matrix: ../../bin_matrix/G3_circuit.bin
    CSR_matrix: ../../bin_matrix/G3_circuit.bin
    DIAG_matrix: ../../bin_matrix/G3_circuit.bin
   ELLPack_matrix: ../../bin_matrix/G3_circuit.bin
    SELL_C_matrix: ../../bin_matrix/G3_circuit.bin
    SELL_C_sigma_matrix: ../../bin_matrix/G3_circuit.bin
Reading file: ../../bin_matrix/parabolic_fem.bin
    COO_matrix: ../../bin_matrix/parabolic_fem.bin
    CSR_matrix: ../../bin_matrix/parabolic_fem.bin
    DIAG_matrix: ../../bin_matrix/parabolic_fem.bin
   ELLPack_matrix: ../../bin_matrix/parabolic_fem.bin
    SELL_C_matrix: ../../bin_matrix/parabolic_fem.bin
    SELL_C_sigma_matrix: ../../bin_matrix/parabolic_fem.bin
Reading file: ../../bin_matrix/g7jac180sc.bin
    COO_matrix: ../../bin_matrix/g7jac180sc.bin
    CSR_matrix: ../../bin_matrix/g7jac180sc.bin
    DIAG_matrix: ../../bin_matrix/g7jac180sc.bin
   ELLPack_matrix: ../../bin_matrix/g7jac180sc.bin
    SELL_C_matrix: ../../bin_matrix/g7jac180sc.bin
    SELL_C_sigma_matrix: ../../bin_matrix/g7jac180sc.bin
Reading file: ../../bin_matrix/wa2010.bin
    COO_matrix: ../../bin_matrix/wa2010.bin
    CSR_matrix: ../../bin_matrix/wa2010.bin
    DIAG_matrix: ../../bin_matrix/wa2010.bin
   ELLPack_matrix: ../../bin_matrix/wa2010.bin
    SELL_C_matrix: ../../bin_matrix/wa2010.bin
    SELL_C_sigma_matrix: ../../bin_matrix/wa2010.bin
Reading file: ../../bin_matrix/va2010.bin
    COO_matrix: ../../bin_matrix/va2010.bin
    CSR_matrix: ../../bin_matrix/va2010.bin
    DIAG_matrix: ../../bin_matrix/va2010.bin
   ELLPack_matrix: ../../bin_matrix/va2010.bin
    SELL_C_matrix: ../../bin_matrix/va2010.bin
    SELL_C_sigma_matrix: ../../bin_matrix/va2010.bin
Reading file: ../../bin_matrix/connectus.bin
    COO_matrix: ../../bin_matrix/connectus.bin
    CSR_matrix: ../../bin_matrix/connectus.bin
    DIAG_matrix: ../../bin_matrix/connectus.bin
   ELLPack_matrix: ../../bin_matrix/connectus.bin
    SELL_C_matrix: ../../bin_matrix/connectus.bin
    SELL_C_sigma_matrix: ../../bin_matrix/connectus.bin
Reading file: ../../bin_matrix/ch7-9-b4.bin
    COO_matrix: ../../bin_matrix/ch7-9-b4.bin
    CSR_matrix: ../../bin_matrix/ch7-9-b4.bin
    DIAG_matrix: ../../bin_matrix/ch7-9-b4.bin
   ELLPack_matrix: ../../bin_matrix/ch7-9-b4.bin
    SELL_C_matrix: ../../bin_matrix/ch7-9-b4.bin
    SELL_C_sigma_matrix: ../../bin_matrix/ch7-9-b4.bin
Reading file: ../../bin_matrix/fem_filter.bin
    COO_matrix: ../../bin_matrix/fem_filter.bin
    CSR_matrix: ../../bin_matrix/fem_filter.bin
    DIAG_matrix: ../../bin_matrix/fem_filter.bin
   ELLPack_matrix: ../../bin_matrix/fem_filter.bin
    SELL_C_matrix: ../../bin_matrix/fem_filter.bin
    SELL_C_sigma_matrix: ../../bin_matrix/fem_filter.bin
Reading file: ../../bin_matrix/il2010.bin
    COO_matrix: ../../bin_matrix/il2010.bin
    CSR_matrix: ../../bin_matrix/il2010.bin
    DIAG_matrix: ../../bin_matrix/il2010.bin
   ELLPack_matrix: ../../bin_matrix/il2010.bin
    SELL_C_matrix: ../../bin_matrix/il2010.bin
    SELL_C_sigma_matrix: ../../bin_matrix/il2010.bin
Reading file: ../../bin_matrix/majorbasis.bin
    COO_matrix: ../../bin_matrix/majorbasis.bin
    CSR_matrix: ../../bin_matrix/majorbasis.bin
    DIAG_matrix: ../../bin_matrix/majorbasis.bin
   ELLPack_matrix: ../../bin_matrix/majorbasis.bin
    SELL_C_matrix: ../../bin_matrix/majorbasis.bin
    SELL_C_sigma_matrix: ../../bin_matrix/majorbasis.bin
Reading file: ../../bin_matrix/mario002.bin
    COO_matrix: ../../bin_matrix/mario002.bin
    CSR_matrix: ../../bin_matrix/mario002.bin
    DIAG_matrix: ../../bin_matrix/mario002.bin
   ELLPack_matrix: ../../bin_matrix/mario002.bin
    SELL_C_matrix: ../../bin_matrix/mario002.bin
    SELL_C_sigma_matrix: ../../bin_matrix/mario002.bin
Reading file: ../../bin_matrix/mixtank_new.bin
    COO_matrix: ../../bin_matrix/mixtank_new.bin
    CSR_matrix: ../../bin_matrix/mixtank_new.bin
    DIAG_matrix: ../../bin_matrix/mixtank_new.bin
   ELLPack_matrix: ../../bin_matrix/mixtank_new.bin
    SELL_C_matrix: ../../bin_matrix/mixtank_new.bin
    SELL_C_sigma_matrix: ../../bin_matrix/mixtank_new.bin
Reading file: ../../bin_matrix/neos3.bin
    COO_matrix: ../../bin_matrix/neos3.bin
    CSR_matrix: ../../bin_matrix/neos3.bin
    DIAG_matrix: ../../bin_matrix/neos3.bin
   ELLPack_matrix: ../../bin_matrix/neos3.bin
    SELL_C_matrix: ../../bin_matrix/neos3.bin
    SELL_C_sigma_matrix: ../../bin_matrix/neos3.bin
Reading file: ../../bin_matrix/ny2010.bin
    COO_matrix: ../../bin_matrix/ny2010.bin
    CSR_matrix: ../../bin_matrix/ny2010.bin
    DIAG_matrix: ../../bin_matrix/ny2010.bin
   ELLPack_matrix: ../../bin_matrix/ny2010.bin
    SELL_C_matrix: ../../bin_matrix/ny2010.bin
    SELL_C_sigma_matrix: ../../bin_matrix/ny2010.bin
Reading file: ../../bin_matrix/TF18.bin
    COO_matrix: ../../bin_matrix/TF18.bin
    CSR_matrix: ../../bin_matrix/TF18.bin
    DIAG_matrix: ../../bin_matrix/TF18.bin
   ELLPack_matrix: ../../bin_matrix/TF18.bin
    SELL_C_matrix: ../../bin_matrix/TF18.bin
    SELL_C_sigma_matrix: ../../bin_matrix/TF18.bin
Reading file: ../../bin_matrix/twotone.bin
    COO_matrix: ../../bin_matrix/twotone.bin
    CSR_matrix: ../../bin_matrix/twotone.bin
    DIAG_matrix: ../../bin_matrix/twotone.bin
   ELLPack_matrix: ../../bin_matrix/twotone.bin
    SELL_C_matrix: ../../bin_matrix/twotone.bin
    SELL_C_sigma_matrix: ../../bin_matrix/twotone.bin
Reading file: ../../bin_matrix/wave.bin
    COO_matrix: ../../bin_matrix/wave.bin
    CSR_matrix: ../../bin_matrix/wave.bin
    DIAG_matrix: ../../bin_matrix/wave.bin
   ELLPack_matrix: ../../bin_matrix/wave.bin
    SELL_C_matrix: ../../bin_matrix/wave.bin
    SELL_C_sigma_matrix: ../../bin_matrix/wave.bin
Processing complete. Results written to file ../../results/results_simple_4.csv
Reading file: ../../bin_matrix/ash958.bin
    COO_matrix: ../../bin_matrix/ash958.bin
    CSR_matrix: ../../bin_matrix/ash958.bin
    DIAG_matrix: ../../bin_matrix/ash958.bin
   ELLPack_matrix: ../../bin_matrix/ash958.bin
    SELL_C_matrix: ../../bin_matrix/ash958.bin
    SELL_C_sigma_matrix: ../../bin_matrix/ash958.bin
Reading file: ../../bin_matrix/StocF-1465.bin
    COO_matrix: ../../bin_matrix/StocF-1465.bin
    CSR_matrix: ../../bin_matrix/StocF-1465.bin
    DIAG_matrix: ../../bin_matrix/StocF-1465.bin
   ELLPack_matrix: ../../bin_matrix/StocF-1465.bin
    SELL_C_matrix: ../../bin_matrix/StocF-1465.bin
    SELL_C_sigma_matrix: ../../bin_matrix/StocF-1465.bin
Reading file: ../../bin_matrix/S80PI_n1.bin
    COO_matrix: ../../bin_matrix/S80PI_n1.bin
    CSR_matrix: ../../bin_matrix/S80PI_n1.bin
    DIAG_matrix: ../../bin_matrix/S80PI_n1.bin
   ELLPack_matrix: ../../bin_matrix/S80PI_n1.bin
    SELL_C_matrix: ../../bin_matrix/S80PI_n1.bin
    SELL_C_sigma_matrix: ../../bin_matrix/S80PI_n1.bin
Reading file: ../../bin_matrix/road_usa.bin
    COO_matrix: ../../bin_matrix/road_usa.bin
    CSR_matrix: ../../bin_matrix/road_usa.bin
    DIAG_matrix: ../../bin_matrix/road_usa.bin
   ELLPack_matrix: ../../bin_matrix/road_usa.bin
    SELL_C_matrix: ../../bin_matrix/road_usa.bin
    SELL_C_sigma_matrix: ../../bin_matrix/road_usa.bin
Reading file: ../../bin_matrix/kmer_V2a.bin
    COO_matrix: ../../bin_matrix/kmer_V2a.bin
    CSR_matrix: ../../bin_matrix/kmer_V2a.bin
    DIAG_matrix: ../../bin_matrix/kmer_V2a.bin
   ELLPack_matrix: ../../bin_matrix/kmer_V2a.bin
    SELL_C_matrix: ../../bin_matrix/kmer_V2a.bin
    SELL_C_sigma_matrix: ../../bin_matrix/kmer_V2a.bin
Reading file: ../../bin_matrix/nlpkkt240.bin
    COO_matrix: ../../bin_matrix/nlpkkt240.bin
    CSR_matrix: ../../bin_matrix/nlpkkt240.bin
    DIAG_matrix: ../../bin_matrix/nlpkkt240.bin
   ELLPack_matrix: ../../bin_matrix/nlpkkt240.bin
    SELL_C_matrix: ../../bin_matrix/nlpkkt240.bin
    SELL_C_sigma_matrix: ../../bin_matrix/nlpkkt240.bin
Reading file: ../../bin_matrix/pkustk14.bin
    COO_matrix: ../../bin_matrix/pkustk14.bin
    CSR_matrix: ../../bin_matrix/pkustk14.bin
    DIAG_matrix: ../../bin_matrix/pkustk14.bin
   ELLPack_matrix: ../../bin_matrix/pkustk14.bin
    SELL_C_matrix: ../../bin_matrix/pkustk14.bin
    SELL_C_sigma_matrix: ../../bin_matrix/pkustk14.bin
Reading file: ../../bin_matrix/apache2.bin
    COO_matrix: ../../bin_matrix/apache2.bin
    CSR_matrix: ../../bin_matrix/apache2.bin
    DIAG_matrix: ../../bin_matrix/apache2.bin
   ELLPack_matrix: ../../bin_matrix/apache2.bin
    SELL_C_matrix: ../../bin_matrix/apache2.bin
    SELL_C_sigma_matrix: ../../bin_matrix/apache2.bin
Reading file: ../../bin_matrix/cage14.bin
    COO_matrix: ../../bin_matrix/cage14.bin
    CSR_matrix: ../../bin_matrix/cage14.bin
    DIAG_matrix: ../../bin_matrix/cage14.bin
   ELLPack_matrix: ../../bin_matrix/cage14.bin
    SELL_C_matrix: ../../bin_matrix/cage14.bin
    SELL_C_sigma_matrix: ../../bin_matrix/cage14.bin
Reading file: ../../bin_matrix/webbase-1M.bin
    COO_matrix: ../../bin_matrix/webbase-1M.bin
    CSR_matrix: ../../bin_matrix/webbase-1M.bin
    DIAG_matrix: ../../bin_matrix/webbase-1M.bin
   ELLPack_matrix: ../../bin_matrix/webbase-1M.bin
    SELL_C_matrix: ../../bin_matrix/webbase-1M.bin
    SELL_C_sigma_matrix: ../../bin_matrix/webbase-1M.bin
Reading file: ../../bin_matrix/G3_circuit.bin
    COO_matrix: ../../bin_matrix/G3_circuit.bin
    CSR_matrix: ../../bin_matrix/G3_circuit.bin
    DIAG_matrix: ../../bin_matrix/G3_circuit.bin
   ELLPack_matrix: ../../bin_matrix/G3_circuit.bin
    SELL_C_matrix: ../../bin_matrix/G3_circuit.bin
    SELL_C_sigma_matrix: ../../bin_matrix/G3_circuit.bin
Reading file: ../../bin_matrix/parabolic_fem.bin
    COO_matrix: ../../bin_matrix/parabolic_fem.bin
    CSR_matrix: ../../bin_matrix/parabolic_fem.bin
    DIAG_matrix: ../../bin_matrix/parabolic_fem.bin
   ELLPack_matrix: ../../bin_matrix/parabolic_fem.bin
    SELL_C_matrix: ../../bin_matrix/parabolic_fem.bin
    SELL_C_sigma_matrix: ../../bin_matrix/parabolic_fem.bin
Reading file: ../../bin_matrix/g7jac180sc.bin
    COO_matrix: ../../bin_matrix/g7jac180sc.bin
    CSR_matrix: ../../bin_matrix/g7jac180sc.bin
    DIAG_matrix: ../../bin_matrix/g7jac180sc.bin
   ELLPack_matrix: ../../bin_matrix/g7jac180sc.bin
    SELL_C_matrix: ../../bin_matrix/g7jac180sc.bin
    SELL_C_sigma_matrix: ../../bin_matrix/g7jac180sc.bin
Reading file: ../../bin_matrix/wa2010.bin
    COO_matrix: ../../bin_matrix/wa2010.bin
    CSR_matrix: ../../bin_matrix/wa2010.bin
    DIAG_matrix: ../../bin_matrix/wa2010.bin
   ELLPack_matrix: ../../bin_matrix/wa2010.bin
    SELL_C_matrix: ../../bin_matrix/wa2010.bin
    SELL_C_sigma_matrix: ../../bin_matrix/wa2010.bin
Reading file: ../../bin_matrix/va2010.bin
    COO_matrix: ../../bin_matrix/va2010.bin
    CSR_matrix: ../../bin_matrix/va2010.bin
    DIAG_matrix: ../../bin_matrix/va2010.bin
   ELLPack_matrix: ../../bin_matrix/va2010.bin
    SELL_C_matrix: ../../bin_matrix/va2010.bin
    SELL_C_sigma_matrix: ../../bin_matrix/va2010.bin
Reading file: ../../bin_matrix/connectus.bin
    COO_matrix: ../../bin_matrix/connectus.bin
    CSR_matrix: ../../bin_matrix/connectus.bin
    DIAG_matrix: ../../bin_matrix/connectus.bin
   ELLPack_matrix: ../../bin_matrix/connectus.bin
    SELL_C_matrix: ../../bin_matrix/connectus.bin
    SELL_C_sigma_matrix: ../../bin_matrix/connectus.bin
Reading file: ../../bin_matrix/ch7-9-b4.bin
    COO_matrix: ../../bin_matrix/ch7-9-b4.bin
    CSR_matrix: ../../bin_matrix/ch7-9-b4.bin
    DIAG_matrix: ../../bin_matrix/ch7-9-b4.bin
   ELLPack_matrix: ../../bin_matrix/ch7-9-b4.bin
    SELL_C_matrix: ../../bin_matrix/ch7-9-b4.bin
    SELL_C_sigma_matrix: ../../bin_matrix/ch7-9-b4.bin
Reading file: ../../bin_matrix/fem_filter.bin
    COO_matrix: ../../bin_matrix/fem_filter.bin
    CSR_matrix: ../../bin_matrix/fem_filter.bin
    DIAG_matrix: ../../bin_matrix/fem_filter.bin
   ELLPack_matrix: ../../bin_matrix/fem_filter.bin
    SELL_C_matrix: ../../bin_matrix/fem_filter.bin
    SELL_C_sigma_matrix: ../../bin_matrix/fem_filter.bin
Reading file: ../../bin_matrix/il2010.bin
    COO_matrix: ../../bin_matrix/il2010.bin
    CSR_matrix: ../../bin_matrix/il2010.bin
    DIAG_matrix: ../../bin_matrix/il2010.bin
   ELLPack_matrix: ../../bin_matrix/il2010.bin
    SELL_C_matrix: ../../bin_matrix/il2010.bin
    SELL_C_sigma_matrix: ../../bin_matrix/il2010.bin
Reading file: ../../bin_matrix/majorbasis.bin
    COO_matrix: ../../bin_matrix/majorbasis.bin
    CSR_matrix: ../../bin_matrix/majorbasis.bin
    DIAG_matrix: ../../bin_matrix/majorbasis.bin
   ELLPack_matrix: ../../bin_matrix/majorbasis.bin
    SELL_C_matrix: ../../bin_matrix/majorbasis.bin
    SELL_C_sigma_matrix: ../../bin_matrix/majorbasis.bin
Reading file: ../../bin_matrix/mario002.bin
    COO_matrix: ../../bin_matrix/mario002.bin
    CSR_matrix: ../../bin_matrix/mario002.bin
    DIAG_matrix: ../../bin_matrix/mario002.bin
   ELLPack_matrix: ../../bin_matrix/mario002.bin
    SELL_C_matrix: ../../bin_matrix/mario002.bin
    SELL_C_sigma_matrix: ../../bin_matrix/mario002.bin
Reading file: ../../bin_matrix/mixtank_new.bin
    COO_matrix: ../../bin_matrix/mixtank_new.bin
    CSR_matrix: ../../bin_matrix/mixtank_new.bin
    DIAG_matrix: ../../bin_matrix/mixtank_new.bin
   ELLPack_matrix: ../../bin_matrix/mixtank_new.bin
    SELL_C_matrix: ../../bin_matrix/mixtank_new.bin
    SELL_C_sigma_matrix: ../../bin_matrix/mixtank_new.bin
Reading file: ../../bin_matrix/neos3.bin
    COO_matrix: ../../bin_matrix/neos3.bin
    CSR_matrix: ../../bin_matrix/neos3.bin
    DIAG_matrix: ../../bin_matrix/neos3.bin
   ELLPack_matrix: ../../bin_matrix/neos3.bin
    SELL_C_matrix: ../../bin_matrix/neos3.bin
    SELL_C_sigma_matrix: ../../bin_matrix/neos3.bin
Reading file: ../../bin_matrix/ny2010.bin
    COO_matrix: ../../bin_matrix/ny2010.bin
    CSR_matrix: ../../bin_matrix/ny2010.bin
    DIAG_matrix: ../../bin_matrix/ny2010.bin
   ELLPack_matrix: ../../bin_matrix/ny2010.bin
    SELL_C_matrix: ../../bin_matrix/ny2010.bin
    SELL_C_sigma_matrix: ../../bin_matrix/ny2010.bin
Reading file: ../../bin_matrix/TF18.bin
    COO_matrix: ../../bin_matrix/TF18.bin
    CSR_matrix: ../../bin_matrix/TF18.bin
    DIAG_matrix: ../../bin_matrix/TF18.bin
   ELLPack_matrix: ../../bin_matrix/TF18.bin
    SELL_C_matrix: ../../bin_matrix/TF18.bin
    SELL_C_sigma_matrix: ../../bin_matrix/TF18.bin
Reading file: ../../bin_matrix/twotone.bin
    COO_matrix: ../../bin_matrix/twotone.bin
    CSR_matrix: ../../bin_matrix/twotone.bin
    DIAG_matrix: ../../bin_matrix/twotone.bin
   ELLPack_matrix: ../../bin_matrix/twotone.bin
    SELL_C_matrix: ../../bin_matrix/twotone.bin
    SELL_C_sigma_matrix: ../../bin_matrix/twotone.bin
Reading file: ../../bin_matrix/wave.bin
    COO_matrix: ../../bin_matrix/wave.bin
    CSR_matrix: ../../bin_matrix/wave.bin
    DIAG_matrix: ../../bin_matrix/wave.bin
   ELLPack_matrix: ../../bin_matrix/wave.bin
    SELL_C_matrix: ../../bin_matrix/wave.bin
    SELL_C_sigma_matrix: ../../bin_matrix/wave.bin
Processing complete. Results written to file ../../results/results_simple_8.csv
Reading file: ../../bin_matrix/ash958.bin
    COO_matrix: ../../bin_matrix/ash958.bin
    CSR_matrix: ../../bin_matrix/ash958.bin
    DIAG_matrix: ../../bin_matrix/ash958.bin
   ELLPack_matrix: ../../bin_matrix/ash958.bin
    SELL_C_matrix: ../../bin_matrix/ash958.bin
    SELL_C_sigma_matrix: ../../bin_matrix/ash958.bin
Reading file: ../../bin_matrix/StocF-1465.bin
    COO_matrix: ../../bin_matrix/StocF-1465.bin
    CSR_matrix: ../../bin_matrix/StocF-1465.bin
    DIAG_matrix: ../../bin_matrix/StocF-1465.bin
   ELLPack_matrix: ../../bin_matrix/StocF-1465.bin
    SELL_C_matrix: ../../bin_matrix/StocF-1465.bin
    SELL_C_sigma_matrix: ../../bin_matrix/StocF-1465.bin
Reading file: ../../bin_matrix/S80PI_n1.bin
    COO_matrix: ../../bin_matrix/S80PI_n1.bin
    CSR_matrix: ../../bin_matrix/S80PI_n1.bin
    DIAG_matrix: ../../bin_matrix/S80PI_n1.bin
   ELLPack_matrix: ../../bin_matrix/S80PI_n1.bin
    SELL_C_matrix: ../../bin_matrix/S80PI_n1.bin
    SELL_C_sigma_matrix: ../../bin_matrix/S80PI_n1.bin
Reading file: ../../bin_matrix/road_usa.bin
    COO_matrix: ../../bin_matrix/road_usa.bin
    CSR_matrix: ../../bin_matrix/road_usa.bin
    DIAG_matrix: ../../bin_matrix/road_usa.bin
   ELLPack_matrix: ../../bin_matrix/road_usa.bin
    SELL_C_matrix: ../../bin_matrix/road_usa.bin
    SELL_C_sigma_matrix: ../../bin_matrix/road_usa.bin
Reading file: ../../bin_matrix/kmer_V2a.bin
    COO_matrix: ../../bin_matrix/kmer_V2a.bin
    CSR_matrix: ../../bin_matrix/kmer_V2a.bin
    DIAG_matrix: ../../bin_matrix/kmer_V2a.bin
   ELLPack_matrix: ../../bin_matrix/kmer_V2a.bin
    SELL_C_matrix: ../../bin_matrix/kmer_V2a.bin
    SELL_C_sigma_matrix: ../../bin_matrix/kmer_V2a.bin
Reading file: ../../bin_matrix/nlpkkt240.bin
    COO_matrix: ../../bin_matrix/nlpkkt240.bin
    CSR_matrix: ../../bin_matrix/nlpkkt240.bin
    DIAG_matrix: ../../bin_matrix/nlpkkt240.bin
   ELLPack_matrix: ../../bin_matrix/nlpkkt240.bin
    SELL_C_matrix: ../../bin_matrix/nlpkkt240.bin
    SELL_C_sigma_matrix: ../../bin_matrix/nlpkkt240.bin
Reading file: ../../bin_matrix/pkustk14.bin
    COO_matrix: ../../bin_matrix/pkustk14.bin
    CSR_matrix: ../../bin_matrix/pkustk14.bin
    DIAG_matrix: ../../bin_matrix/pkustk14.bin
   ELLPack_matrix: ../../bin_matrix/pkustk14.bin
    SELL_C_matrix: ../../bin_matrix/pkustk14.bin
    SELL_C_sigma_matrix: ../../bin_matrix/pkustk14.bin
Reading file: ../../bin_matrix/apache2.bin
    COO_matrix: ../../bin_matrix/apache2.bin
    CSR_matrix: ../../bin_matrix/apache2.bin
    DIAG_matrix: ../../bin_matrix/apache2.bin
   ELLPack_matrix: ../../bin_matrix/apache2.bin
    SELL_C_matrix: ../../bin_matrix/apache2.bin
    SELL_C_sigma_matrix: ../../bin_matrix/apache2.bin
Reading file: ../../bin_matrix/cage14.bin
    COO_matrix: ../../bin_matrix/cage14.bin
    CSR_matrix: ../../bin_matrix/cage14.bin
    DIAG_matrix: ../../bin_matrix/cage14.bin
   ELLPack_matrix: ../../bin_matrix/cage14.bin
    SELL_C_matrix: ../../bin_matrix/cage14.bin
    SELL_C_sigma_matrix: ../../bin_matrix/cage14.bin
Reading file: ../../bin_matrix/webbase-1M.bin
    COO_matrix: ../../bin_matrix/webbase-1M.bin
    CSR_matrix: ../../bin_matrix/webbase-1M.bin
    DIAG_matrix: ../../bin_matrix/webbase-1M.bin
   ELLPack_matrix: ../../bin_matrix/webbase-1M.bin
    SELL_C_matrix: ../../bin_matrix/webbase-1M.bin
    SELL_C_sigma_matrix: ../../bin_matrix/webbase-1M.bin
Reading file: ../../bin_matrix/G3_circuit.bin
    COO_matrix: ../../bin_matrix/G3_circuit.bin
    CSR_matrix: ../../bin_matrix/G3_circuit.bin
    DIAG_matrix: ../../bin_matrix/G3_circuit.bin
   ELLPack_matrix: ../../bin_matrix/G3_circuit.bin
    SELL_C_matrix: ../../bin_matrix/G3_circuit.bin
    SELL_C_sigma_matrix: ../../bin_matrix/G3_circuit.bin
Reading file: ../../bin_matrix/parabolic_fem.bin
    COO_matrix: ../../bin_matrix/parabolic_fem.bin
    CSR_matrix: ../../bin_matrix/parabolic_fem.bin
    DIAG_matrix: ../../bin_matrix/parabolic_fem.bin
   ELLPack_matrix: ../../bin_matrix/parabolic_fem.bin
    SELL_C_matrix: ../../bin_matrix/parabolic_fem.bin
    SELL_C_sigma_matrix: ../../bin_matrix/parabolic_fem.bin
Reading file: ../../bin_matrix/g7jac180sc.bin
    COO_matrix: ../../bin_matrix/g7jac180sc.bin
    CSR_matrix: ../../bin_matrix/g7jac180sc.bin
    DIAG_matrix: ../../bin_matrix/g7jac180sc.bin
   ELLPack_matrix: ../../bin_matrix/g7jac180sc.bin
    SELL_C_matrix: ../../bin_matrix/g7jac180sc.bin
    SELL_C_sigma_matrix: ../../bin_matrix/g7jac180sc.bin
Reading file: ../../bin_matrix/wa2010.bin
    COO_matrix: ../../bin_matrix/wa2010.bin
    CSR_matrix: ../../bin_matrix/wa2010.bin
    DIAG_matrix: ../../bin_matrix/wa2010.bin
   ELLPack_matrix: ../../bin_matrix/wa2010.bin
    SELL_C_matrix: ../../bin_matrix/wa2010.bin
    SELL_C_sigma_matrix: ../../bin_matrix/wa2010.bin
Reading file: ../../bin_matrix/va2010.bin
    COO_matrix: ../../bin_matrix/va2010.bin
    CSR_matrix: ../../bin_matrix/va2010.bin
    DIAG_matrix: ../../bin_matrix/va2010.bin
   ELLPack_matrix: ../../bin_matrix/va2010.bin
    SELL_C_matrix: ../../bin_matrix/va2010.bin
    SELL_C_sigma_matrix: ../../bin_matrix/va2010.bin
Reading file: ../../bin_matrix/connectus.bin
    COO_matrix: ../../bin_matrix/connectus.bin
    CSR_matrix: ../../bin_matrix/connectus.bin
    DIAG_matrix: ../../bin_matrix/connectus.bin
   ELLPack_matrix: ../../bin_matrix/connectus.bin
    SELL_C_matrix: ../../bin_matrix/connectus.bin
    SELL_C_sigma_matrix: ../../bin_matrix/connectus.bin
Reading file: ../../bin_matrix/ch7-9-b4.bin
    COO_matrix: ../../bin_matrix/ch7-9-b4.bin
    CSR_matrix: ../../bin_matrix/ch7-9-b4.bin
    DIAG_matrix: ../../bin_matrix/ch7-9-b4.bin
   ELLPack_matrix: ../../bin_matrix/ch7-9-b4.bin
    SELL_C_matrix: ../../bin_matrix/ch7-9-b4.bin
    SELL_C_sigma_matrix: ../../bin_matrix/ch7-9-b4.bin
Reading file: ../../bin_matrix/fem_filter.bin
    COO_matrix: ../../bin_matrix/fem_filter.bin
    CSR_matrix: ../../bin_matrix/fem_filter.bin
    DIAG_matrix: ../../bin_matrix/fem_filter.bin
   ELLPack_matrix: ../../bin_matrix/fem_filter.bin
    SELL_C_matrix: ../../bin_matrix/fem_filter.bin
    SELL_C_sigma_matrix: ../../bin_matrix/fem_filter.bin
Reading file: ../../bin_matrix/il2010.bin
    COO_matrix: ../../bin_matrix/il2010.bin
    CSR_matrix: ../../bin_matrix/il2010.bin
    DIAG_matrix: ../../bin_matrix/il2010.bin
   ELLPack_matrix: ../../bin_matrix/il2010.bin
    SELL_C_matrix: ../../bin_matrix/il2010.bin
    SELL_C_sigma_matrix: ../../bin_matrix/il2010.bin
Reading file: ../../bin_matrix/majorbasis.bin
    COO_matrix: ../../bin_matrix/majorbasis.bin
    CSR_matrix: ../../bin_matrix/majorbasis.bin
    DIAG_matrix: ../../bin_matrix/majorbasis.bin
   ELLPack_matrix: ../../bin_matrix/majorbasis.bin
    SELL_C_matrix: ../../bin_matrix/majorbasis.bin
    SELL_C_sigma_matrix: ../../bin_matrix/majorbasis.bin
Reading file: ../../bin_matrix/mario002.bin
    COO_matrix: ../../bin_matrix/mario002.bin
    CSR_matrix: ../../bin_matrix/mario002.bin
    DIAG_matrix: ../../bin_matrix/mario002.bin
   ELLPack_matrix: ../../bin_matrix/mario002.bin
    SELL_C_matrix: ../../bin_matrix/mario002.bin
    SELL_C_sigma_matrix: ../../bin_matrix/mario002.bin
Reading file: ../../bin_matrix/mixtank_new.bin
    COO_matrix: ../../bin_matrix/mixtank_new.bin
    CSR_matrix: ../../bin_matrix/mixtank_new.bin
    DIAG_matrix: ../../bin_matrix/mixtank_new.bin
   ELLPack_matrix: ../../bin_matrix/mixtank_new.bin
    SELL_C_matrix: ../../bin_matrix/mixtank_new.bin
    SELL_C_sigma_matrix: ../../bin_matrix/mixtank_new.bin
Reading file: ../../bin_matrix/neos3.bin
    COO_matrix: ../../bin_matrix/neos3.bin
    CSR_matrix: ../../bin_matrix/neos3.bin
    DIAG_matrix: ../../bin_matrix/neos3.bin
   ELLPack_matrix: ../../bin_matrix/neos3.bin
    SELL_C_matrix: ../../bin_matrix/neos3.bin
    SELL_C_sigma_matrix: ../../bin_matrix/neos3.bin
Reading file: ../../bin_matrix/ny2010.bin
    COO_matrix: ../../bin_matrix/ny2010.bin
    CSR_matrix: ../../bin_matrix/ny2010.bin
    DIAG_matrix: ../../bin_matrix/ny2010.bin
   ELLPack_matrix: ../../bin_matrix/ny2010.bin
    SELL_C_matrix: ../../bin_matrix/ny2010.bin
    SELL_C_sigma_matrix: ../../bin_matrix/ny2010.bin
Reading file: ../../bin_matrix/TF18.bin
    COO_matrix: ../../bin_matrix/TF18.bin
    CSR_matrix: ../../bin_matrix/TF18.bin
    DIAG_matrix: ../../bin_matrix/TF18.bin
   ELLPack_matrix: ../../bin_matrix/TF18.bin
    SELL_C_matrix: ../../bin_matrix/TF18.bin
    SELL_C_sigma_matrix: ../../bin_matrix/TF18.bin
Reading file: ../../bin_matrix/twotone.bin
    COO_matrix: ../../bin_matrix/twotone.bin
    CSR_matrix: ../../bin_matrix/twotone.bin
    DIAG_matrix: ../../bin_matrix/twotone.bin
   ELLPack_matrix: ../../bin_matrix/twotone.bin
    SELL_C_matrix: ../../bin_matrix/twotone.bin
    SELL_C_sigma_matrix: ../../bin_matrix/twotone.bin
Reading file: ../../bin_matrix/wave.bin
    COO_matrix: ../../bin_matrix/wave.bin
    CSR_matrix: ../../bin_matrix/wave.bin
    DIAG_matrix: ../../bin_matrix/wave.bin
   ELLPack_matrix: ../../bin_matrix/wave.bin
    SELL_C_matrix: ../../bin_matrix/wave.bin
    SELL_C_sigma_matrix: ../../bin_matrix/wave.bin
Processing complete. Results written to file ../../results/results_simple_16.csv
